// Jest Snapshot v1, https://goo.gl/fbAQLP

exports[`render post card 1`] = `
<RNCSafeAreaProvider
  onInsetsChange={[Function]}
  style={
    [
      {
        "flex": 1,
      },
      undefined,
    ]
  }
>
  <View
    style={
      {
        "borderBottomColor": "#F0F2F7",
        "borderBottomWidth": 1,
        "marginBottom": 16,
        "paddingBottom": 16,
      }
    }
  >
    <View
      style={
        {
          "alignItems": "center",
          "flexDirection": "row",
          "justifyContent": "space-between",
          "marginBottom": 8,
          "marginTop": 8,
          "paddingLeft": 16,
          "paddingRight": 16,
        }
      }
    >
      <View
        style={
          {
            "flexDirection": "row",
          }
        }
      >
        <Image
          source={
            {
              "uri": "http:fred.avatar",
            }
          }
          style={
            [
              {
                "borderRadius": 18,
                "height": 36,
                "width": 36,
              },
              {},
            ]
          }
        />
        <View
          style={
            {
              "marginLeft": 8,
            }
          }
        >
          <Text
            dataSet={{}}
            style={
              {
                "backgroundColor": undefined,
                "color": "#171717",
                "fontFamily": undefined,
                "fontSize": 14,
                "fontStyle": "normal",
                "fontWeight": "400",
                "letterSpacing": 0,
                "lineHeight": 21,
                "textDecorationLine": undefined,
              }
            }
          >
            fred
          </Text>
          <Text
            dataSet={{}}
            style={
              [
                {
                  "backgroundColor": undefined,
                  "color": "#171717",
                  "fontFamily": undefined,
                  "fontSize": 14,
                  "fontStyle": "normal",
                  "fontWeight": "400",
                  "letterSpacing": 0,
                  "lineHeight": 21,
                  "textDecorationLine": undefined,
                },
                {
                  "color": "#808A9E",
                },
              ]
            }
          >
            a few seconds ago
          </Text>
        </View>
      </View>
      <View
        accessible={true}
        collapsable={false}
        focusable={true}
        hitSlop={20}
        onBlur={[Function]}
        onClick={[Function]}
        onFocus={[Function]}
        onResponderGrant={[Function]}
        onResponderMove={[Function]}
        onResponderRelease={[Function]}
        onResponderTerminate={[Function]}
        onResponderTerminationRequest={[Function]}
        onStartShouldSetResponder={[Function]}
      >
        <RNSVGSvgView
          align="xMidYMid"
          bbHeight={23}
          bbWidth={6}
          fill="none"
          focusable={false}
          meetOrSlice={0}
          minX={0}
          minY={0}
          style={
            [
              {
                "backgroundColor": "transparent",
                "borderWidth": 0,
              },
              {
                "height": 23,
                "width": 6,
              },
              {
                "flex": 0,
                "height": 23,
                "width": 6,
              },
            ]
          }
          vbHeight={23}
          vbWidth={6}
          xml="
<svg viewBox="0 0 6 23" fill="none" xmlns="http://www.w3.org/2000/svg">
  <circle cx="2.91" cy="2.91" r="1.91" stroke="#C0C5D0" stroke-width="1.91"/>
  <circle cx="2.91" cy="11.4998" r="1.91" stroke="#C0C5D0" stroke-width="1.91"/>
  <circle cx="2.91" cy="20.0902" r="1.91" stroke="#C0C5D0" stroke-width="1.91"/>
</svg>

"
          xmlns="http://www.w3.org/2000/svg"
        >
          <RNSVGGroup
            fill={null}
            propList={
              [
                "fill",
              ]
            }
          >
            <RNSVGCircle
              cx={2.91}
              cy={2.91}
              propList={
                [
                  "stroke",
                  "strokeWidth",
                ]
              }
              r={1.91}
              stroke={4290823632}
              strokeWidth={1.91}
            />
            <RNSVGCircle
              cx={2.91}
              cy={11.4998}
              propList={
                [
                  "stroke",
                  "strokeWidth",
                ]
              }
              r={1.91}
              stroke={4290823632}
              strokeWidth={1.91}
            />
            <RNSVGCircle
              cx={2.91}
              cy={20.0902}
              propList={
                [
                  "stroke",
                  "strokeWidth",
                ]
              }
              r={1.91}
              stroke={4290823632}
              strokeWidth={1.91}
            />
          </RNSVGGroup>
        </RNSVGSvgView>
      </View>
    </View>
    <View
      dataSet={{}}
      style={
        {
          "marginBottom": 8,
          "paddingLeft": 16,
          "paddingRight": 16,
        }
      }
    >
      <Text
        dataSet={{}}
        style={
          {
            "backgroundColor": undefined,
            "color": "#171717",
            "fontFamily": undefined,
            "fontSize": 14,
            "fontStyle": "normal",
            "fontWeight": "400",
            "letterSpacing": 0,
            "lineHeight": 21,
            "textDecorationLine": undefined,
          }
        }
      >
        Today is Friday
      </Text>
    </View>
    <View
      dataSet={{}}
      style={
        {
          "display": "flex",
          "flexDirection": "row",
          "marginTop": 16,
          "paddingLeft": 16,
          "paddingRight": 16,
        }
      }
    >
      <View
        dataSet={{}}
        style={
          {
            "display": "flex",
            "flex": 1,
            "flexDirection": "row",
          }
        }
      >
        <RNSVGSvgView
          align="xMidYMid"
          bbHeight={17}
          bbWidth={21}
          fill="none"
          focusable={false}
          meetOrSlice={0}
          minX={0}
          minY={0}
          stroke="#C0C5D0"
          style={
            [
              {
                "backgroundColor": "transparent",
                "borderWidth": 0,
              },
              {
                "height": 17,
                "width": 21,
              },
              {
                "flex": 0,
                "height": 17,
                "width": 21,
              },
            ]
          }
          vbHeight={17}
          vbWidth={21}
          xml="
<svg viewBox="0 0 21 17" fill="none" xmlns="http://www.w3.org/2000/svg">
<path fill-rule="evenodd" clip-rule="evenodd" d="M14.3324 1.00001C12.6525 1.00677 11.0882 1.85617 10.1676 3.26136C8.94886 1.43013 6.67694 0.609834 4.56943 1.24008C2.46192 1.87032 1.01334 3.80323 1 6.00292C1 13.5029 10.1676 16 10.1676 16C10.1676 16 19.3353 13.5029 19.3353 6.00292C19.3376 4.67535 18.8112 3.40149 17.8725 2.46276C16.9338 1.52403 15.6599 0.997685 14.3324 1.00001Z" stroke-width="1.91"/>
<path d="M14.3323 4.33547C14.7753 4.33313 15.2009 4.50808 15.5141 4.82133C15.8274 5.13458 16.0023 5.56011 16 6.00311C15.975 7.46874 15.3614 8.86269 14.2974 9.87098" stroke-width="1.91"/>
</svg>

"
          xmlns="http://www.w3.org/2000/svg"
        >
          <RNSVGGroup
            fill={null}
            propList={
              [
                "fill",
                "stroke",
              ]
            }
            stroke={4290823632}
          >
            <RNSVGPath
              clipRule={0}
              d="M14.3324 1.00001C12.6525 1.00677 11.0882 1.85617 10.1676 3.26136C8.94886 1.43013 6.67694 0.609834 4.56943 1.24008C2.46192 1.87032 1.01334 3.80323 1 6.00292C1 13.5029 10.1676 16 10.1676 16C10.1676 16 19.3353 13.5029 19.3353 6.00292C19.3376 4.67535 18.8112 3.40149 17.8725 2.46276C16.9338 1.52403 15.6599 0.997685 14.3324 1.00001Z"
              fillRule={0}
              propList={
                [
                  "fillRule",
                  "strokeWidth",
                ]
              }
              strokeWidth={1.91}
            />
            <RNSVGPath
              d="M14.3323 4.33547C14.7753 4.33313 15.2009 4.50808 15.5141 4.82133C15.8274 5.13458 16.0023 5.56011 16 6.00311C15.975 7.46874 15.3614 8.86269 14.2974 9.87098"
              propList={
                [
                  "strokeWidth",
                ]
              }
              strokeWidth={1.91}
            />
          </RNSVGGroup>
        </RNSVGSvgView>
        <View
          accessible={true}
          collapsable={false}
          focusable={true}
          onBlur={[Function]}
          onClick={[Function]}
          onFocus={[Function]}
          onResponderGrant={[Function]}
          onResponderMove={[Function]}
          onResponderRelease={[Function]}
          onResponderTerminate={[Function]}
          onResponderTerminationRequest={[Function]}
          onStartShouldSetResponder={[Function]}
        >
          <RNSVGSvgView
            align="xMidYMid"
            bbHeight={20}
            bbWidth={20}
            fill="none"
            focusable={false}
            meetOrSlice={0}
            minX={0}
            minY={0}
            style={
              [
                {
                  "backgroundColor": "transparent",
                  "borderWidth": 0,
                },
                {
                  "height": 20,
                  "marginLeft": 16,
                  "width": 20,
                },
                {
                  "flex": 0,
                  "height": 20,
                  "width": 20,
                },
              ]
            }
            vbHeight={20}
            vbWidth={20}
            xml="
<svg viewBox="0 0 20 20" fill="none" xmlns="http://www.w3.org/2000/svg">
<path fill-rule="evenodd" clip-rule="evenodd" d="M15.5739 6.66687V13.1479C15.5739 14.4878 14.4876 15.5741 13.1477 15.5741H11.5274V18.0002L6.66667 15.5741H3.42615C2.78269 15.5741 2.16559 15.3184 1.7106 14.8635C1.25561 14.4085 1 13.7914 1 13.1479V6.66687C1 5.32695 2.08622 4.24072 3.42615 4.24072H13.1477C14.4876 4.24072 15.5739 5.32695 15.5739 6.66687Z" stroke="#C0C5D0" stroke-width="1.91"/>
<path d="M15.5738 12.3333H16.4221C17.7422 12.3149 18.8053 11.2443 18.8144 9.92415V3.42615C18.8144 2.08622 17.7281 1 16.3882 1H6.66666C5.32673 1 4.24051 2.08622 4.24051 3.42615V4.27445" stroke="#C0C5D0" stroke-width="1.91"/>
<path d="M4.24051 9.90706H5.86077" stroke="#C0C5D0" stroke-width="1.91"/>
<path d="M7.48105 9.90706H9.10131" stroke="#C0C5D0" stroke-width="1.91"/>
<path d="M10.7131 9.90706H12.3333" stroke="#C0C5D0" stroke-width="1.91"/>
</svg>

"
            xmlns="http://www.w3.org/2000/svg"
          >
            <RNSVGGroup
              fill={null}
              propList={
                [
                  "fill",
                ]
              }
            >
              <RNSVGPath
                clipRule={0}
                d="M15.5739 6.66687V13.1479C15.5739 14.4878 14.4876 15.5741 13.1477 15.5741H11.5274V18.0002L6.66667 15.5741H3.42615C2.78269 15.5741 2.16559 15.3184 1.7106 14.8635C1.25561 14.4085 1 13.7914 1 13.1479V6.66687C1 5.32695 2.08622 4.24072 3.42615 4.24072H13.1477C14.4876 4.24072 15.5739 5.32695 15.5739 6.66687Z"
                fillRule={0}
                propList={
                  [
                    "fillRule",
                    "stroke",
                    "strokeWidth",
                  ]
                }
                stroke={4290823632}
                strokeWidth={1.91}
              />
              <RNSVGPath
                d="M15.5738 12.3333H16.4221C17.7422 12.3149 18.8053 11.2443 18.8144 9.92415V3.42615C18.8144 2.08622 17.7281 1 16.3882 1H6.66666C5.32673 1 4.24051 2.08622 4.24051 3.42615V4.27445"
                propList={
                  [
                    "stroke",
                    "strokeWidth",
                  ]
                }
                stroke={4290823632}
                strokeWidth={1.91}
              />
              <RNSVGPath
                d="M4.24051 9.90706H5.86077"
                propList={
                  [
                    "stroke",
                    "strokeWidth",
                  ]
                }
                stroke={4290823632}
                strokeWidth={1.91}
              />
              <RNSVGPath
                d="M7.48105 9.90706H9.10131"
                propList={
                  [
                    "stroke",
                    "strokeWidth",
                  ]
                }
                stroke={4290823632}
                strokeWidth={1.91}
              />
              <RNSVGPath
                d="M10.7131 9.90706H12.3333"
                propList={
                  [
                    "stroke",
                    "strokeWidth",
                  ]
                }
                stroke={4290823632}
                strokeWidth={1.91}
              />
            </RNSVGGroup>
          </RNSVGSvgView>
        </View>
        <RNSVGSvgView
          align="xMidYMid"
          bbHeight={20}
          bbWidth={15}
          fill="none"
          focusable={false}
          meetOrSlice={0}
          minX={0}
          minY={0}
          stroke="#C0C5D0"
          style={
            [
              {
                "backgroundColor": "transparent",
                "borderWidth": 0,
              },
              {
                "height": 20,
                "marginLeft": 16,
                "width": 15,
              },
              {
                "flex": 0,
                "height": 20,
                "width": 15,
              },
            ]
          }
          vbHeight={20}
          vbWidth={15}
          xml="
<svg viewBox="0 0 15 20" fill="none" xmlns="http://www.w3.org/2000/svg">
<path fill-rule="evenodd" clip-rule="evenodd" d="M13.954 18L7.477 14.7615L1 18V1H13.954V18Z" stroke-width="1.9"/>
</svg>


"
          xmlns="http://www.w3.org/2000/svg"
        >
          <RNSVGGroup
            fill={null}
            propList={
              [
                "fill",
                "stroke",
              ]
            }
            stroke={4290823632}
          >
            <RNSVGPath
              clipRule={0}
              d="M13.954 18L7.477 14.7615L1 18V1H13.954V18Z"
              fillRule={0}
              propList={
                [
                  "fillRule",
                  "strokeWidth",
                ]
              }
              strokeWidth={1.9}
            />
          </RNSVGGroup>
        </RNSVGSvgView>
        <Text
          dataSet={{}}
          style={
            [
              {
                "backgroundColor": undefined,
                "color": "#171717",
                "fontFamily": undefined,
                "fontSize": 14,
                "fontStyle": "normal",
                "fontWeight": "400",
                "letterSpacing": 0,
                "lineHeight": 21,
                "textDecorationLine": undefined,
              },
              {
                "color": "#808A9E",
                "fontSize": 12,
                "marginLeft": 8,
              },
            ]
          }
        >
          3
           likes 
          5
           comments
        </Text>
      </View>
      <RNSVGSvgView
        align="xMidYMid"
        bbHeight={17}
        bbWidth={21}
        fill="none"
        focusable={false}
        meetOrSlice={0}
        minX={0}
        minY={0}
        style={
          [
            {
              "backgroundColor": "transparent",
              "borderWidth": 0,
            },
            {
              "height": 17,
              "width": 21,
            },
            {
              "flex": 0,
              "height": 17,
              "width": 21,
            },
          ]
        }
        vbHeight={17}
        vbWidth={17}
        xml="
<svg viewBox="0 0 17 17" fill="none" xmlns="http://www.w3.org/2000/svg">
  <circle cx="13.9571" cy="3.04286" r="2.04286" stroke="#C0C5D0" stroke-width="1.91"/>
  <circle cx="3.04286" cy="8.49989" r="2.04286" stroke="#C0C5D0" stroke-width="1.91"/>
  <circle cx="13.9571" cy="13.9569" r="2.04286" stroke="#C0C5D0" stroke-width="1.91"/>
  <path d="M12.1286 3.95703L4.87143 7.5856" stroke="#C0C5D0" stroke-width="1.91"/>
  <path d="M12.1286 13.0426L4.87143 9.41406" stroke="#C0C5D0" stroke-width="1.91"/>
</svg>
"
        xmlns="http://www.w3.org/2000/svg"
      >
        <RNSVGGroup
          fill={null}
          propList={
            [
              "fill",
            ]
          }
        >
          <RNSVGCircle
            cx={13.9571}
            cy={3.04286}
            propList={
              [
                "stroke",
                "strokeWidth",
              ]
            }
            r={2.04286}
            stroke={4290823632}
            strokeWidth={1.91}
          />
          <RNSVGCircle
            cx={3.04286}
            cy={8.49989}
            propList={
              [
                "stroke",
                "strokeWidth",
              ]
            }
            r={2.04286}
            stroke={4290823632}
            strokeWidth={1.91}
          />
          <RNSVGCircle
            cx={13.9571}
            cy={13.9569}
            propList={
              [
                "stroke",
                "strokeWidth",
              ]
            }
            r={2.04286}
            stroke={4290823632}
            strokeWidth={1.91}
          />
          <RNSVGPath
            d="M12.1286 3.95703L4.87143 7.5856"
            propList={
              [
                "stroke",
                "strokeWidth",
              ]
            }
            stroke={4290823632}
            strokeWidth={1.91}
          />
          <RNSVGPath
            d="M12.1286 13.0426L4.87143 9.41406"
            propList={
              [
                "stroke",
                "strokeWidth",
              ]
            }
            stroke={4290823632}
            strokeWidth={1.91}
          />
        </RNSVGGroup>
      </RNSVGSvgView>
    </View>
    <View
      accessible={true}
      collapsable={false}
      focusable={true}
      onBlur={[Function]}
      onClick={[Function]}
      onFocus={[Function]}
      onResponderGrant={[Function]}
      onResponderMove={[Function]}
      onResponderRelease={[Function]}
      onResponderTerminate={[Function]}
      onResponderTerminationRequest={[Function]}
      onStartShouldSetResponder={[Function]}
    >
      <Text
        dataSet={{}}
        style={
          {
            "backgroundColor": undefined,
            "color": "#17C476",
            "fontFamily": undefined,
            "fontSize": 12,
            "fontStyle": "normal",
            "fontWeight": "400",
            "letterSpacing": 0,
            "lineHeight": 18,
            "marginBottom": 8,
            "marginLeft": 16,
            "marginTop": 8,
            "textDecorationLine": undefined,
          }
        }
      >
        Read all comments (
        5
        )
      </Text>
    </View>
    <View
      dataSet={{}}
      style={{}}
    >
      <View
        dataSet={{}}
        style={
          {
            "alignItems": "center",
            "display": "flex",
            "flexDirection": "row",
            "marginBottom": 4,
            "marginLeft": 16,
          }
        }
      >
        <Image
          source={
            {
              "uri": "http:fred.avatar",
            }
          }
          style={
            [
              {
                "borderRadius": 14,
                "height": 28,
                "width": 28,
              },
              {},
            ]
          }
        />
        <Text
          dataSet={{}}
          style={
            {
              "backgroundColor": undefined,
              "color": "#171717",
              "fontFamily": undefined,
              "fontSize": 14,
              "fontStyle": "normal",
              "fontWeight": "400",
              "letterSpacing": 0,
              "lineHeight": 21,
              "marginLeft": 4,
              "marginRight": 4,
              "textDecorationLine": undefined,
            }
          }
        >
          fred
          :
        </Text>
        <Text
          dataSet={{}}
          style={
            {
              "backgroundColor": undefined,
              "color": "#808A9E",
              "fontFamily": undefined,
              "fontSize": 14,
              "fontStyle": "normal",
              "fontWeight": "400",
              "letterSpacing": 0,
              "lineHeight": 21,
              "textDecorationLine": undefined,
            }
          }
        >
          Hello Friday
        </Text>
      </View>
      <View
        dataSet={{}}
        style={
          {
            "display": "flex",
            "flexDirection": "row",
            "justifyContent": "flex-end",
            "marginBottom": 4,
            "marginRight": 16,
          }
        }
      >
        <Text
          allowFontScaling={false}
          dataSet={{}}
          selectable={false}
          style={
            [
              {
                "color": undefined,
                "fontSize": 12,
              },
              {
                "color": "#E0E0E0",
                "fontSize": 24,
                "height": 24,
                "lineHeight": 24,
                "width": 24,
              },
              {
                "fontFamily": "material-community",
                "fontStyle": "normal",
                "fontWeight": "normal",
              },
              {},
            ]
          }
          testID="reply"
        >
          󰑚
        </Text>
        <Text
          allowFontScaling={false}
          dataSet={{}}
          selectable={false}
          style={
            [
              {
                "color": undefined,
                "fontSize": 12,
              },
              {
                "color": "#E0E0E0",
                "fontSize": 24,
                "height": 24,
                "lineHeight": 24,
                "marginLeft": 8,
                "width": 24,
              },
              {
                "fontFamily": "material-community",
                "fontStyle": "normal",
                "fontWeight": "normal",
              },
              {},
            ]
          }
          testID="delete"
        >
          󰆴
        </Text>
      </View>
    </View>
    <View
      dataSet={{}}
      style={{}}
    >
      <View
        dataSet={{}}
        style={
          {
            "alignItems": "center",
            "display": "flex",
            "flexDirection": "row",
            "marginBottom": 4,
            "marginLeft": 16,
          }
        }
      >
        <Image
          source={
            {
              "uri": "http:tom.avatar",
            }
          }
          style={
            [
              {
                "borderRadius": 14,
                "height": 28,
                "width": 28,
              },
              {},
            ]
          }
        />
        <Text
          dataSet={{}}
          style={
            {
              "backgroundColor": undefined,
              "color": "#171717",
              "fontFamily": undefined,
              "fontSize": 14,
              "fontStyle": "normal",
              "fontWeight": "400",
              "letterSpacing": 0,
              "lineHeight": 21,
              "marginLeft": 4,
              "marginRight": 4,
              "textDecorationLine": undefined,
            }
          }
        >
          tom
          :
        </Text>
        <Text
          dataSet={{}}
          style={
            {
              "backgroundColor": undefined,
              "color": "#808A9E",
              "fontFamily": undefined,
              "fontSize": 14,
              "fontStyle": "normal",
              "fontWeight": "400",
              "letterSpacing": 0,
              "lineHeight": 21,
              "textDecorationLine": undefined,
            }
          }
        >
          Hello Sunday
        </Text>
      </View>
      <View
        dataSet={{}}
        style={
          {
            "display": "flex",
            "flexDirection": "row",
            "justifyContent": "flex-end",
            "marginBottom": 4,
            "marginRight": 16,
          }
        }
      >
        <Text
          allowFontScaling={false}
          dataSet={{}}
          selectable={false}
          style={
            [
              {
                "color": undefined,
                "fontSize": 12,
              },
              {
                "color": "#E0E0E0",
                "fontSize": 24,
                "height": 24,
                "lineHeight": 24,
                "width": 24,
              },
              {
                "fontFamily": "material-community",
                "fontStyle": "normal",
                "fontWeight": "normal",
              },
              {},
            ]
          }
          testID="reply"
        >
          󰑚
        </Text>
      </View>
    </View>
  </View>
</RNCSafeAreaProvider>
`;
